Add Component: Footprint Not Found DIOC1608X06N
Add Component: Footprint Not Found DIOC1608X06N
Add Component: Footprint Not Found DIOC1608X06N
Add Component: Footprint Not Found DIOC1608X06N
Add Component: Footprint Not Found DIOC1608X06N
Add Pin To Net: Unknown Pin: Pin D6-1
Add Pin To Net: Unknown Pin: Pin D6-2
Add Pin To Net: Unknown Pin: Pin D7-1
Add Pin To Net: Unknown Pin: Pin D7-2
Add Pin To Net: Unknown Pin: Pin D8-1
Add Pin To Net: Unknown Pin: Pin D8-2
Add Pin To Net: Unknown Pin: Pin D9-1
Add Pin To Net: Unknown Pin: Pin D9-2
Add Pin To Net: Unknown Pin: Pin D10-1
Add Pin To Net: Unknown Pin: Pin D10-2
Add Pin To Net: Unknown Pin: Pin J1-42
Add Pin To Net: Unknown Pin: Pin J1-43
Add Pin To Net: Unknown Pin: Pin J2-42
Add Pin To Net: Unknown Pin: Pin J2-43
Add Pin To Net: Unknown Pin: Pin J3-44
Add Pin To Net: Unknown Pin: Pin J3-45
Add Pin To Net: Unknown Pin: Pin J?-1
Added Pin To Net: NetName=M1OUT2 Pin=U3-8
Added Pin To Net: NetName=M2OUT2 Pin=U4-8
Add Class Member: Failed to add class member : Component D6 TVS DIODE
Add Class Member: Failed to add class member : Component D7 TVS DIODE
Add Class Member: Failed to add class member : Component D8 TVS DIODE
Add Class Member: Failed to add class member : Component D9 TVS DIODE
Add Class Member: Failed to add class member : Component D10 TVS DIODE
